// Jest Snapshot v1, https://goo.gl/fbAQLP

exports[`<Select /> should render 1`] = `
Object {
  "asFragment": [Function],
  "baseElement": <body>
    <div>
      <div
        class="css-79elbk"
      >
        <button
          aria-expanded="false"
          aria-haspopup="listbox"
          aria-labelledby="downshift-0-label downshift-0-toggle-button"
          class="css-0"
          data-focus-visible-added="false"
          id="downshift-0-toggle-button"
        >
          <span
            class="css-188y514"
          />
          <svg
            aria-hidden="true"
            fill="currentColor"
            focusable="false"
            role="presentation"
            style="width: 1em; height: 1em; color: currentColor;"
            viewBox="0 0 24 24"
          >
            <path
              d="M16.59 8.59L12 13.17 7.41 8.59 6 10l6 6 6-6z"
              fill="currentColor"
            />
          </svg>
        </button>
        <div
          class="css-1pye1st"
          style="position: absolute; min-width: max-content; inset: 0 auto auto 0; visibility: hidden;"
        >
          <ul
            aria-labelledby="downshift-0-label"
            class="css-0"
            data-focus-visible-added="false"
            id="downshift-0-menu"
            role="listbox"
            tabindex="-1"
          />
        </div>
      </div>
    </div>
  </body>,
  "container": <div>
    <div
      class="css-79elbk"
    >
      <button
        aria-expanded="false"
        aria-haspopup="listbox"
        aria-labelledby="downshift-0-label downshift-0-toggle-button"
        class="css-0"
        data-focus-visible-added="false"
        id="downshift-0-toggle-button"
      >
        <span
          class="css-188y514"
        />
        <svg
          aria-hidden="true"
          fill="currentColor"
          focusable="false"
          role="presentation"
          style="width: 1em; height: 1em; color: currentColor;"
          viewBox="0 0 24 24"
        >
          <path
            d="M16.59 8.59L12 13.17 7.41 8.59 6 10l6 6 6-6z"
            fill="currentColor"
          />
        </svg>
      </button>
      <div
        class="css-1pye1st"
        style="position: absolute; min-width: max-content; inset: 0 auto auto 0; visibility: hidden;"
      >
        <ul
          aria-labelledby="downshift-0-label"
          class="css-0"
          data-focus-visible-added="false"
          id="downshift-0-menu"
          role="listbox"
          tabindex="-1"
        />
      </div>
    </div>
  </div>,
  "debug": [Function],
  "findAllByAltText": [Function],
  "findAllByDisplayValue": [Function],
  "findAllByLabelText": [Function],
  "findAllByPlaceholderText": [Function],
  "findAllByRole": [Function],
  "findAllByTestId": [Function],
  "findAllByText": [Function],
  "findAllByTitle": [Function],
  "findByAltText": [Function],
  "findByDisplayValue": [Function],
  "findByLabelText": [Function],
  "findByPlaceholderText": [Function],
  "findByRole": [Function],
  "findByTestId": [Function],
  "findByText": [Function],
  "findByTitle": [Function],
  "getAllByAltText": [Function],
  "getAllByDisplayValue": [Function],
  "getAllByLabelText": [Function],
  "getAllByPlaceholderText": [Function],
  "getAllByRole": [Function],
  "getAllByTestId": [Function],
  "getAllByText": [Function],
  "getAllByTitle": [Function],
  "getByAltText": [Function],
  "getByDisplayValue": [Function],
  "getByLabelText": [Function],
  "getByPlaceholderText": [Function],
  "getByRole": [Function],
  "getByTestId": [Function],
  "getByText": [Function],
  "getByTitle": [Function],
  "queryAllByAltText": [Function],
  "queryAllByDisplayValue": [Function],
  "queryAllByLabelText": [Function],
  "queryAllByPlaceholderText": [Function],
  "queryAllByRole": [Function],
  "queryAllByTestId": [Function],
  "queryAllByText": [Function],
  "queryAllByTitle": [Function],
  "queryByAltText": [Function],
  "queryByDisplayValue": [Function],
  "queryByLabelText": [Function],
  "queryByPlaceholderText": [Function],
  "queryByRole": [Function],
  "queryByTestId": [Function],
  "queryByText": [Function],
  "queryByTitle": [Function],
  "rerender": [Function],
  "unmount": [Function],
}
`;
