// Jest Snapshot v1, https://goo.gl/fbAQLP

exports[`<CountryInfo /> should render component 1`] = `
Object {
  "asFragment": [Function],
  "baseElement": <body>
    <div>
      <div
        class="chakra-stack css-yo3da1"
      >
        <div
          class="css-1rr4qq7"
        >
          <div
            class="chakra-aspect-ratio css-791950"
          >
            <div
              class="chakra-skeleton css-1twknw3"
            />
          </div>
        </div>
        <div
          class="css-17sdmi4"
        >
          <div
            class="css-1x9myws"
          >
            <h2
              class="chakra-heading css-19idom"
            >
               
              France
               
            </h2>
            <div
              class="chakra-stack css-17fn8k1"
            >
              <div
                class="css-mdgfsx"
              >
                <p
                  class="chakra-text css-0"
                  data-testid="country-population"
                >
                   
                  <b>
                    Population:
                  </b>
                   
                  67,391,582
                   
                </p>
                <p
                  class="chakra-text css-0"
                  data-testid="country-region"
                >
                   
                  <b>
                    Region:
                  </b>
                   
                  Europe
                   
                </p>
                <p
                  class="chakra-text css-0"
                  data-testid="country-subregion"
                >
                   
                  <b>
                    Sub region:
                  </b>
                   
                  Western Europe
                   
                </p>
                <p
                  class="chakra-text css-0"
                  data-testid="country-capital"
                >
                   
                  <b>
                    Capital:
                  </b>
                   
                  Paris
                   
                </p>
              </div>
              <div
                class="css-3pl0qa"
              >
                <p
                  class="chakra-text css-0"
                  data-testid="country-tld"
                >
                  <b>
                    Top Level Domain:
                  </b>
                   
                  .fr
                   
                </p>
                <p
                  class="chakra-text css-0"
                  data-testid="country-currencies"
                >
                  <b>
                    Currencies:
                  </b>
                   
                  Euro
                   
                </p>
                <p
                  class="chakra-text css-0"
                  data-testid="country-languages"
                >
                  <b>
                    Languages:
                  </b>
                   
                  French
                </p>
              </div>
            </div>
          </div>
          <div
            class="css-0"
          >
            <p
              class="chakra-text css-ch58vi"
            >
               Border Countries:  
            </p>
            <p
              class="chakra-text css-0"
            >
               No Borders  
            </p>
          </div>
        </div>
      </div>
    </div>
  </body>,
  "container": <div>
    <div
      class="chakra-stack css-yo3da1"
    >
      <div
        class="css-1rr4qq7"
      >
        <div
          class="chakra-aspect-ratio css-791950"
        >
          <div
            class="chakra-skeleton css-1twknw3"
          />
        </div>
      </div>
      <div
        class="css-17sdmi4"
      >
        <div
          class="css-1x9myws"
        >
          <h2
            class="chakra-heading css-19idom"
          >
             
            France
             
          </h2>
          <div
            class="chakra-stack css-17fn8k1"
          >
            <div
              class="css-mdgfsx"
            >
              <p
                class="chakra-text css-0"
                data-testid="country-population"
              >
                 
                <b>
                  Population:
                </b>
                 
                67,391,582
                 
              </p>
              <p
                class="chakra-text css-0"
                data-testid="country-region"
              >
                 
                <b>
                  Region:
                </b>
                 
                Europe
                 
              </p>
              <p
                class="chakra-text css-0"
                data-testid="country-subregion"
              >
                 
                <b>
                  Sub region:
                </b>
                 
                Western Europe
                 
              </p>
              <p
                class="chakra-text css-0"
                data-testid="country-capital"
              >
                 
                <b>
                  Capital:
                </b>
                 
                Paris
                 
              </p>
            </div>
            <div
              class="css-3pl0qa"
            >
              <p
                class="chakra-text css-0"
                data-testid="country-tld"
              >
                <b>
                  Top Level Domain:
                </b>
                 
                .fr
                 
              </p>
              <p
                class="chakra-text css-0"
                data-testid="country-currencies"
              >
                <b>
                  Currencies:
                </b>
                 
                Euro
                 
              </p>
              <p
                class="chakra-text css-0"
                data-testid="country-languages"
              >
                <b>
                  Languages:
                </b>
                 
                French
              </p>
            </div>
          </div>
        </div>
        <div
          class="css-0"
        >
          <p
            class="chakra-text css-ch58vi"
          >
             Border Countries:  
          </p>
          <p
            class="chakra-text css-0"
          >
             No Borders  
          </p>
        </div>
      </div>
    </div>
  </div>,
  "debug": [Function],
  "findAllByAltText": [Function],
  "findAllByDisplayValue": [Function],
  "findAllByLabelText": [Function],
  "findAllByPlaceholderText": [Function],
  "findAllByRole": [Function],
  "findAllByTestId": [Function],
  "findAllByText": [Function],
  "findAllByTitle": [Function],
  "findByAltText": [Function],
  "findByDisplayValue": [Function],
  "findByLabelText": [Function],
  "findByPlaceholderText": [Function],
  "findByRole": [Function],
  "findByTestId": [Function],
  "findByText": [Function],
  "findByTitle": [Function],
  "getAllByAltText": [Function],
  "getAllByDisplayValue": [Function],
  "getAllByLabelText": [Function],
  "getAllByPlaceholderText": [Function],
  "getAllByRole": [Function],
  "getAllByTestId": [Function],
  "getAllByText": [Function],
  "getAllByTitle": [Function],
  "getByAltText": [Function],
  "getByDisplayValue": [Function],
  "getByLabelText": [Function],
  "getByPlaceholderText": [Function],
  "getByRole": [Function],
  "getByTestId": [Function],
  "getByText": [Function],
  "getByTitle": [Function],
  "queryAllByAltText": [Function],
  "queryAllByDisplayValue": [Function],
  "queryAllByLabelText": [Function],
  "queryAllByPlaceholderText": [Function],
  "queryAllByRole": [Function],
  "queryAllByTestId": [Function],
  "queryAllByText": [Function],
  "queryAllByTitle": [Function],
  "queryByAltText": [Function],
  "queryByDisplayValue": [Function],
  "queryByLabelText": [Function],
  "queryByPlaceholderText": [Function],
  "queryByRole": [Function],
  "queryByTestId": [Function],
  "queryByText": [Function],
  "queryByTitle": [Function],
  "rerender": [Function],
  "unmount": [Function],
}
`;
