// Jest Snapshot v1, https://goo.gl/fbAQLP

exports[`<CountryItem /> should render 1`] = `
Object {
  "asFragment": [Function],
  "baseElement": <body>
    <div>
      <a
        href="/country/FRA"
      >
        <div
          class="chakra-stack css-1527vj0"
        >
          <div
            class="css-79elbk"
          >
            <div
              class="chakra-aspect-ratio css-791950"
            >
              <div
                class="chakra-skeleton css-1twknw3"
              />
            </div>
          </div>
          <div
            class="chakra-stack css-woqlpa"
          >
            <p
              class="chakra-text css-je8k2y"
            >
               
              France
               
            </p>
            <ul
              class="css-155za0w"
              role="list"
            >
              <li
                class="css-0"
              >
                <p
                  class="chakra-text css-g5hezf"
                >
                   
                  <b>
                     Population: 
                  </b>
                   
                  67,391,582
                   
                </p>
              </li>
              <li
                class="css-0"
              >
                <p
                  class="chakra-text css-g5hezf"
                >
                   
                  <b>
                     Region: 
                  </b>
                   
                  Europe
                   
                </p>
              </li>
              <li
                class="css-0"
              >
                <p
                  class="chakra-text css-g5hezf"
                >
                   
                  <b>
                     Capital: 
                  </b>
                   
                  Paris
                   
                </p>
              </li>
            </ul>
          </div>
        </div>
      </a>
    </div>
  </body>,
  "container": <div>
    <a
      href="/country/FRA"
    >
      <div
        class="chakra-stack css-1527vj0"
      >
        <div
          class="css-79elbk"
        >
          <div
            class="chakra-aspect-ratio css-791950"
          >
            <div
              class="chakra-skeleton css-1twknw3"
            />
          </div>
        </div>
        <div
          class="chakra-stack css-woqlpa"
        >
          <p
            class="chakra-text css-je8k2y"
          >
             
            France
             
          </p>
          <ul
            class="css-155za0w"
            role="list"
          >
            <li
              class="css-0"
            >
              <p
                class="chakra-text css-g5hezf"
              >
                 
                <b>
                   Population: 
                </b>
                 
                67,391,582
                 
              </p>
            </li>
            <li
              class="css-0"
            >
              <p
                class="chakra-text css-g5hezf"
              >
                 
                <b>
                   Region: 
                </b>
                 
                Europe
                 
              </p>
            </li>
            <li
              class="css-0"
            >
              <p
                class="chakra-text css-g5hezf"
              >
                 
                <b>
                   Capital: 
                </b>
                 
                Paris
                 
              </p>
            </li>
          </ul>
        </div>
      </div>
    </a>
  </div>,
  "debug": [Function],
  "findAllByAltText": [Function],
  "findAllByDisplayValue": [Function],
  "findAllByLabelText": [Function],
  "findAllByPlaceholderText": [Function],
  "findAllByRole": [Function],
  "findAllByTestId": [Function],
  "findAllByText": [Function],
  "findAllByTitle": [Function],
  "findByAltText": [Function],
  "findByDisplayValue": [Function],
  "findByLabelText": [Function],
  "findByPlaceholderText": [Function],
  "findByRole": [Function],
  "findByTestId": [Function],
  "findByText": [Function],
  "findByTitle": [Function],
  "getAllByAltText": [Function],
  "getAllByDisplayValue": [Function],
  "getAllByLabelText": [Function],
  "getAllByPlaceholderText": [Function],
  "getAllByRole": [Function],
  "getAllByTestId": [Function],
  "getAllByText": [Function],
  "getAllByTitle": [Function],
  "getByAltText": [Function],
  "getByDisplayValue": [Function],
  "getByLabelText": [Function],
  "getByPlaceholderText": [Function],
  "getByRole": [Function],
  "getByTestId": [Function],
  "getByText": [Function],
  "getByTitle": [Function],
  "queryAllByAltText": [Function],
  "queryAllByDisplayValue": [Function],
  "queryAllByLabelText": [Function],
  "queryAllByPlaceholderText": [Function],
  "queryAllByRole": [Function],
  "queryAllByTestId": [Function],
  "queryAllByText": [Function],
  "queryAllByTitle": [Function],
  "queryByAltText": [Function],
  "queryByDisplayValue": [Function],
  "queryByLabelText": [Function],
  "queryByPlaceholderText": [Function],
  "queryByRole": [Function],
  "queryByTestId": [Function],
  "queryByText": [Function],
  "queryByTitle": [Function],
  "rerender": [Function],
  "unmount": [Function],
}
`;
