// Jest Snapshot v1, https://goo.gl/fbAQLP

exports[`renders learn react link 1`] = `
Object {
  "asFragment": [Function],
  "baseElement": <body>
    <div>
      <section
        class="css-16enalo"
      >
        <nav
          class="css-dckaig"
        >
          <div
            class="chakra-container css-0"
          >
            <div
              class="css-1dox5yr"
            >
              <div
                class="chakra-stack css-1qwdsol"
              >
                <h2
                  class="chakra-heading css-1ohoiop"
                >
                   World Countries 
                </h2>
              </div>
              <div
                class="chakra-stack css-1qwdsol"
              >
                <button
                  aria-label="Switch to Dark mode"
                  class="chakra-button css-httko9"
                  type="button"
                >
                  <span
                    class="chakra-button__icon css-1wh2kri"
                  >
                    <svg
                      aria-hidden="true"
                      fill="currentColor"
                      focusable="false"
                      height="1em"
                      stroke="currentColor"
                      stroke-width="0"
                      viewBox="0 0 512 512"
                      width="1em"
                      xmlns="http://www.w3.org/2000/svg"
                    >
                      <path
                        d="M283.211 512c78.962 0 151.079-35.925 198.857-94.792 7.068-8.708-.639-21.43-11.562-19.35-124.203 23.654-238.262-71.576-238.262-196.954 0-72.222 38.662-138.635 101.498-174.394 9.686-5.512 7.25-20.197-3.756-22.23A258.156 258.156 0 0 0 283.211 0c-141.309 0-256 114.511-256 256 0 141.309 114.511 256 256 256z"
                      />
                    </svg>
                  </span>
                  <p
                    class="chakra-text css-jr6twj"
                  >
                     
                    Dark mode
                     
                  </p>
                </button>
              </div>
            </div>
          </div>
        </nav>
      </section>
      <div
        class="css-di3x9n"
      />
      <div
        class="chakra-container css-0"
      />
    </div>
  </body>,
  "container": <div>
    <section
      class="css-16enalo"
    >
      <nav
        class="css-dckaig"
      >
        <div
          class="chakra-container css-0"
        >
          <div
            class="css-1dox5yr"
          >
            <div
              class="chakra-stack css-1qwdsol"
            >
              <h2
                class="chakra-heading css-1ohoiop"
              >
                 World Countries 
              </h2>
            </div>
            <div
              class="chakra-stack css-1qwdsol"
            >
              <button
                aria-label="Switch to Dark mode"
                class="chakra-button css-httko9"
                type="button"
              >
                <span
                  class="chakra-button__icon css-1wh2kri"
                >
                  <svg
                    aria-hidden="true"
                    fill="currentColor"
                    focusable="false"
                    height="1em"
                    stroke="currentColor"
                    stroke-width="0"
                    viewBox="0 0 512 512"
                    width="1em"
                    xmlns="http://www.w3.org/2000/svg"
                  >
                    <path
                      d="M283.211 512c78.962 0 151.079-35.925 198.857-94.792 7.068-8.708-.639-21.43-11.562-19.35-124.203 23.654-238.262-71.576-238.262-196.954 0-72.222 38.662-138.635 101.498-174.394 9.686-5.512 7.25-20.197-3.756-22.23A258.156 258.156 0 0 0 283.211 0c-141.309 0-256 114.511-256 256 0 141.309 114.511 256 256 256z"
                    />
                  </svg>
                </span>
                <p
                  class="chakra-text css-jr6twj"
                >
                   
                  Dark mode
                   
                </p>
              </button>
            </div>
          </div>
        </div>
      </nav>
    </section>
    <div
      class="css-di3x9n"
    />
    <div
      class="chakra-container css-0"
    />
  </div>,
  "debug": [Function],
  "findAllByAltText": [Function],
  "findAllByDisplayValue": [Function],
  "findAllByLabelText": [Function],
  "findAllByPlaceholderText": [Function],
  "findAllByRole": [Function],
  "findAllByTestId": [Function],
  "findAllByText": [Function],
  "findAllByTitle": [Function],
  "findByAltText": [Function],
  "findByDisplayValue": [Function],
  "findByLabelText": [Function],
  "findByPlaceholderText": [Function],
  "findByRole": [Function],
  "findByTestId": [Function],
  "findByText": [Function],
  "findByTitle": [Function],
  "getAllByAltText": [Function],
  "getAllByDisplayValue": [Function],
  "getAllByLabelText": [Function],
  "getAllByPlaceholderText": [Function],
  "getAllByRole": [Function],
  "getAllByTestId": [Function],
  "getAllByText": [Function],
  "getAllByTitle": [Function],
  "getByAltText": [Function],
  "getByDisplayValue": [Function],
  "getByLabelText": [Function],
  "getByPlaceholderText": [Function],
  "getByRole": [Function],
  "getByTestId": [Function],
  "getByText": [Function],
  "getByTitle": [Function],
  "queryAllByAltText": [Function],
  "queryAllByDisplayValue": [Function],
  "queryAllByLabelText": [Function],
  "queryAllByPlaceholderText": [Function],
  "queryAllByRole": [Function],
  "queryAllByTestId": [Function],
  "queryAllByText": [Function],
  "queryAllByTitle": [Function],
  "queryByAltText": [Function],
  "queryByDisplayValue": [Function],
  "queryByLabelText": [Function],
  "queryByPlaceholderText": [Function],
  "queryByRole": [Function],
  "queryByTestId": [Function],
  "queryByText": [Function],
  "queryByTitle": [Function],
  "rerender": [Function],
  "unmount": [Function],
}
`;
